// Jest Snapshot v1, https://goo.gl/fbAQLP

exports[`Renders Message 1`] = `
<View
  style={
    Object {
      "flex": 1,
    }
  }
>
  <View
    accessible={true}
    collapsable={false}
    focusable={true}
    onClick={[Function]}
    onResponderGrant={[Function]}
    onResponderMove={[Function]}
    onResponderRelease={[Function]}
    onResponderTerminate={[Function]}
    onResponderTerminationRequest={[Function]}
    onStartShouldSetResponder={[Function]}
    style={
      Object {
        "allignSelf": "center",
        "backgroundColor": "yellow",
        "height": 200,
        "marginTop": 10,
        "opacity": 1,
        "width": 200,
      }
    }
  >
    <Text>
      Say Hello
    </Text>
  </View>
  <Text
    style={
      Object {
        "fontFamily": "Arial",
        "fontSize": 38,
        "marginTop": 10,
        "textAlign": "center",
      }
    }
    testID="printed-message"
  >
    Hello Tester
  </Text>
  <View
    accessibilityLiveRegion="polite"
    accessibilityRole="radio"
    accessibilityState={
      Object {
        "checked": true,
        "disabled": false,
      }
    }
    accessible={true}
    focusable={true}
    onClick={[Function]}
    onResponderGrant={[Function]}
    onResponderMove={[Function]}
    onResponderRelease={[Function]}
    onResponderTerminate={[Function]}
    onResponderTerminationRequest={[Function]}
    onStartShouldSetResponder={[Function]}
    style={
      Array [
        Object {
          "overflow": "hidden",
        },
        Object {
          "borderRadius": 18,
          "padding": 6,
        },
      ]
    }
    testID="first"
  >
    <View
      style={
        Object {
          "opacity": 1,
        }
      }
    >
      <Text
        accessibilityElementsHidden={true}
        allowFontScaling={false}
        importantForAccessibility="no-hide-descendants"
        pointerEvents="none"
        selectable={false}
        style={
          Array [
            Object {
              "backgroundColor": "transparent",
            },
            Object {
              "color": "red",
              "fontSize": 24,
            },
          ]
        }
      >
        □
      </Text>
    </View>
  </View>
  <View
    accessibilityLiveRegion="polite"
    accessibilityRole="radio"
    accessibilityState={
      Object {
        "checked": false,
        "disabled": false,
      }
    }
    accessible={true}
    focusable={true}
    onClick={[Function]}
    onResponderGrant={[Function]}
    onResponderMove={[Function]}
    onResponderRelease={[Function]}
    onResponderTerminate={[Function]}
    onResponderTerminationRequest={[Function]}
    onStartShouldSetResponder={[Function]}
    style={
      Array [
        Object {
          "overflow": "hidden",
        },
        Object {
          "borderRadius": 18,
          "padding": 6,
        },
      ]
    }
    testID="second"
  >
    <View
      style={
        Object {
          "opacity": 0,
        }
      }
    >
      <Text
        accessibilityElementsHidden={true}
        allowFontScaling={false}
        importantForAccessibility="no-hide-descendants"
        pointerEvents="none"
        selectable={false}
        style={
          Array [
            Object {
              "backgroundColor": "transparent",
            },
            Object {
              "color": "#03dac4",
              "fontSize": 24,
            },
          ]
        }
      >
        □
      </Text>
    </View>
  </View>
</View>
`;
